Copyright 1986-2018 Xilinx, Inc. All Rights Reserved.
------------------------------------------------------------------------------------
| Tool Version : Vivado v.2018.3 (win64) Build 2405991 Thu Dec  6 23:38:27 MST 2018
| Date         : Tue May  5 12:46:53 2026
| Host         : wjl running 64-bit major release  (build 9200)
| Command      : upgrade_ip
| Device       : xc7z020clg400-1
------------------------------------------------------------------------------------

Upgrade Log for IP 'design_1_tm_axi_wrapper_0_0'

1. Summary
----------

CAUTION (success, with warnings) in the upgrade of design_1_tm_axi_wrapper_0_0 (xilinx.com:user:tm_axi_wrapper:1.0) from (Rev. 8) to (Rev. 9)

After upgrade, an IP may have parameter and port differences compared to the original customization. Please review the parameters within the IP customization GUI to ensure proper functionality. Also, please review the updated IP instantiation template to ensure proper connectivity, and update your design if required.

2. Connection Warnings
----------------------

Detected external port differences while upgrading 'design_1_tm_axi_wrapper_0_0'. These changes may impact your design.


-Upgraded port 'mask_addr_out' width 14 differs from original width 13







Copyright 1986-2018 Xilinx, Inc. All Rights Reserved.
------------------------------------------------------------------------------------
| Tool Version : Vivado v.2018.3 (win64) Build 2405991 Thu Dec  6 23:38:27 MST 2018
| Date         : Fri Apr  3 12:00:14 2026
| Host         : wjl running 64-bit major release  (build 9200)
| Command      : upgrade_ip
| Device       : xc7z020clg400-1
------------------------------------------------------------------------------------

Upgrade Log for IP 'design_1_tm_axi_wrapper_0_0'

1. Summary
----------

SUCCESS in the upgrade of design_1_tm_axi_wrapper_0_0 (xilinx.com:user:tm_axi_wrapper:1.0) from (Rev. 7) to (Rev. 8)






Copyright 1986-2018 Xilinx, Inc. All Rights Reserved.
------------------------------------------------------------------------------------
| Tool Version : Vivado v.2018.3 (win64) Build 2405991 Thu Dec  6 23:38:27 MST 2018
| Date         : Wed Apr  1 11:57:57 2026
| Host         : wjl running 64-bit major release  (build 9200)
| Command      : upgrade_ip
| Device       : xc7z020clg400-1
------------------------------------------------------------------------------------

Upgrade Log for IP 'design_1_tm_axi_wrapper_0_1'

1. Summary
----------

SUCCESS in the upgrade of design_1_tm_axi_wrapper_0_1 (xilinx.com:user:tm_axi_wrapper:1.0) from (Rev. 4) to (Rev. 5)






Copyright 1986-2018 Xilinx, Inc. All Rights Reserved.
------------------------------------------------------------------------------------
| Tool Version : Vivado v.2018.3 (win64) Build 2405991 Thu Dec  6 23:38:27 MST 2018
| Date         : Tue Mar 10 14:49:03 2026
| Host         : wjl running 64-bit major release  (build 9200)
| Command      : upgrade_ip
| Device       : xc7z020clg400-1
------------------------------------------------------------------------------------

Upgrade Log for IP 'design_1_tm_axi_wrapper_0_1'

1. Summary
----------

SUCCESS in the upgrade of design_1_tm_axi_wrapper_0_1 (xilinx.com:user:tm_axi_wrapper:1.0) from (Rev. 3) to (Rev. 4)






Copyright 1986-2018 Xilinx, Inc. All Rights Reserved.
------------------------------------------------------------------------------------
| Tool Version : Vivado v.2018.3 (win64) Build 2405991 Thu Dec  6 23:38:27 MST 2018
| Date         : Tue Mar 10 14:33:14 2026
| Host         : wjl running 64-bit major release  (build 9200)
| Command      : upgrade_ip
| Device       : xc7z020clg400-1
------------------------------------------------------------------------------------

Upgrade Log for IP 'design_1_tm_axi_wrapper_0_1'

1. Summary
----------

SUCCESS in the upgrade of design_1_tm_axi_wrapper_0_1 (xilinx.com:user:tm_axi_wrapper:1.0) from (Rev. 2) to (Rev. 3)






Copyright 1986-2018 Xilinx, Inc. All Rights Reserved.
------------------------------------------------------------------------------------
| Tool Version : Vivado v.2018.3 (win64) Build 2405991 Thu Dec  6 23:38:27 MST 2018
| Date         : Tue Mar 10 11:34:17 2026
| Host         : wjl running 64-bit major release  (build 9200)
| Command      : upgrade_ip
| Device       : xc7z020clg400-1
------------------------------------------------------------------------------------

Upgrade Log for IP 'design_1_tm_top_ip_0_0'

1. Summary
----------

SUCCESS in the upgrade of design_1_tm_top_ip_0_0 (xilinx.com:user:tm_top_ip:1.0) from (Rev. 2) to (Rev. 4)

