#-----------------------------------------------------------
# Vivado v2018.3 (64-bit)
# SW Build 2405991 on Thu Dec  6 23:38:27 MST 2018
# IP Build 2404404 on Fri Dec  7 01:43:56 MST 2018
# Start of session at: Fri May 22 11:46:18 2026
# Process ID: 16160
# Current directory: E:/tm_Dronfa_xy/TM
# Command line: vivado.exe -gui_launcher_event rodinguilauncherevent27316 E:\tm_Dronfa_xy\TM\CTM.xpr
# Log file: E:/tm_Dronfa_xy/TM/vivado.log
# Journal file: E:/tm_Dronfa_xy/TM\vivado.jou
#-----------------------------------------------------------
start_gui
open_project E:/tm_Dronfa_xy/TM/CTM.xpr
CRITICAL WARNING: [Project 1-19] Could not find the file 'E:/tm_Dronfa_xy/ctm/component.xml'.
Scanning sources...
Finished scanning sources
INFO: [IP_Flow 19-234] Refreshing IP repositories
INFO: [IP_Flow 19-1700] Loaded user IP repository 'd:/vivado/program/CTM_ip'.
INFO: [IP_Flow 19-2313] Loaded Vivado IP repository 'D:/vivado/install/Vivado/2018.3/data/ip'.
open_project: Time (s): cpu = 00:00:10 ; elapsed = 00:00:08 . Memory (MB): peak = 775.273 ; gain = 148.145
update_compile_order -fileset sources_1
reset_run design_1_blk_mem_gen_0_0_synth_1
launch_runs design_1_blk_mem_gen_0_0_synth_1
INFO: [IP_Flow 19-4993] Using cached IP synthesis design for IP design_1_blk_mem_gen_0_0, cache-ID = 4d2809f6317e4bcf; cache size = 94.932 MB.
[Fri May 22 11:47:21 2026] Launched design_1_blk_mem_gen_0_0_synth_1...
Run output will be captured here: E:/tm_Dronfa_xy/TM/CTM.runs/design_1_blk_mem_gen_0_0_synth_1/runme.log
wait_on_run design_1_blk_mem_gen_0_0_synth_1
[Fri May 22 11:47:22 2026] Waiting for design_1_blk_mem_gen_0_0_synth_1 to finish...
[Fri May 22 11:47:27 2026] Waiting for design_1_blk_mem_gen_0_0_synth_1 to finish...
[Fri May 22 11:47:32 2026] Waiting for design_1_blk_mem_gen_0_0_synth_1 to finish...

*** Running vivado
    with args -log design_1_blk_mem_gen_0_0.vds -m64 -product Vivado -mode batch -messageDb vivado.pb -notrace -source design_1_blk_mem_gen_0_0.tcl


****** Vivado v2018.3 (64-bit)
  **** SW Build 2405991 on Thu Dec  6 23:38:27 MST 2018
  **** IP Build 2404404 on Fri Dec  7 01:43:56 MST 2018
    ** Copyright 1986-2018 Xilinx, Inc. All Rights Reserved.

source design_1_blk_mem_gen_0_0.tcl -notrace
INFO: [IP_Flow 19-234] Refreshing IP repositories
INFO: [IP_Flow 19-1700] Loaded user IP repository 'd:/vivado/program/CTM_ip'.
INFO: [IP_Flow 19-2313] Loaded Vivado IP repository 'D:/vivado/install/Vivado/2018.3/data/ip'.
INFO: [IP_Flow 19-4838] Using cached IP synthesis design for IP design_1_blk_mem_gen_0_0, cache-ID = 4d2809f6317e4bcf.
INFO: [Common 17-206] Exiting Vivado at Fri May 22 11:47:30 2026...
[Fri May 22 11:47:32 2026] design_1_blk_mem_gen_0_0_synth_1 finished
wait_on_run: Time (s): cpu = 00:00:00 ; elapsed = 00:00:10 . Memory (MB): peak = 1122.316 ; gain = 0.000
create_ip_run [get_files -of_objects [get_fileset sources_1] E:/tm_Dronfa_xy/TM/CTM.srcs/sources_1/bd/design_1/design_1.bd]
synth_design -rtl -name rtl_1
Command: synth_design -rtl -name rtl_1
Starting synth_design
Using part: xc7z020clg400-1
Top: design_1_wrapper
---------------------------------------------------------------------------------
Starting RTL Elaboration : Time (s): cpu = 00:00:01 ; elapsed = 00:00:02 . Memory (MB): peak = 1122.316 ; gain = 0.000
---------------------------------------------------------------------------------
INFO: [Synth 8-6157] synthesizing module 'design_1_wrapper' [E:/tm_Dronfa_xy/TM/CTM.srcs/sources_1/bd/design_1/hdl/design_1_wrapper.v:12]
INFO: [Synth 8-6157] synthesizing module 'design_1' [E:/tm_Dronfa_xy/TM/CTM.srcs/sources_1/bd/design_1/synth/design_1.v:13]
INFO: [Synth 8-6157] synthesizing module 'design_1_blk_mem_gen_0_0' [E:/tm_Dronfa_xy/TM/.Xil/Vivado-16160-wjl/realtime/design_1_blk_mem_gen_0_0_stub.v:6]
INFO: [Synth 8-6155] done synthesizing module 'design_1_blk_mem_gen_0_0' (1#1) [E:/tm_Dronfa_xy/TM/.Xil/Vivado-16160-wjl/realtime/design_1_blk_mem_gen_0_0_stub.v:6]
INFO: [Synth 8-6157] synthesizing module 'design_1_processing_system7_0_1' [E:/tm_Dronfa_xy/TM/.Xil/Vivado-16160-wjl/realtime/design_1_processing_system7_0_1_stub.v:6]
INFO: [Synth 8-6155] done synthesizing module 'design_1_processing_system7_0_1' (2#1) [E:/tm_Dronfa_xy/TM/.Xil/Vivado-16160-wjl/realtime/design_1_processing_system7_0_1_stub.v:6]
INFO: [Synth 8-6157] synthesizing module 'design_1_ps7_0_axi_periph_1' [E:/tm_Dronfa_xy/TM/CTM.srcs/sources_1/bd/design_1/synth/design_1.v:299]
INFO: [Synth 8-6157] synthesizing module 's00_couplers_imp_UYSKKA' [E:/tm_Dronfa_xy/TM/CTM.srcs/sources_1/bd/design_1/synth/design_1.v:604]
INFO: [Synth 8-6157] synthesizing module 'design_1_auto_pc_0' [E:/tm_Dronfa_xy/TM/.Xil/Vivado-16160-wjl/realtime/design_1_auto_pc_0_stub.v:6]
INFO: [Synth 8-6155] done synthesizing module 'design_1_auto_pc_0' (3#1) [E:/tm_Dronfa_xy/TM/.Xil/Vivado-16160-wjl/realtime/design_1_auto_pc_0_stub.v:6]
WARNING: [Synth 8-350] instance 'auto_pc' of module 'design_1_auto_pc_0' requires 59 connections, but only 57 given [E:/tm_Dronfa_xy/TM/CTM.srcs/sources_1/bd/design_1/synth/design_1.v:839]
INFO: [Synth 8-6155] done synthesizing module 's00_couplers_imp_UYSKKA' (4#1) [E:/tm_Dronfa_xy/TM/CTM.srcs/sources_1/bd/design_1/synth/design_1.v:604]
INFO: [Synth 8-6155] done synthesizing module 'design_1_ps7_0_axi_periph_1' (5#1) [E:/tm_Dronfa_xy/TM/CTM.srcs/sources_1/bd/design_1/synth/design_1.v:299]
INFO: [Synth 8-6157] synthesizing module 'design_1_rst_ps7_0_50M_1' [E:/tm_Dronfa_xy/TM/.Xil/Vivado-16160-wjl/realtime/design_1_rst_ps7_0_50M_1_stub.v:6]
INFO: [Synth 8-6155] done synthesizing module 'design_1_rst_ps7_0_50M_1' (6#1) [E:/tm_Dronfa_xy/TM/.Xil/Vivado-16160-wjl/realtime/design_1_rst_ps7_0_50M_1_stub.v:6]
WARNING: [Synth 8-350] instance 'rst_ps7_0_50M' of module 'design_1_rst_ps7_0_50M_1' requires 10 connections, but only 6 given [E:/tm_Dronfa_xy/TM/CTM.srcs/sources_1/bd/design_1/synth/design_1.v:268]
INFO: [Synth 8-6157] synthesizing module 'design_1_tm_axi_wrapper_0_0' [E:/tm_Dronfa_xy/TM/.Xil/Vivado-16160-wjl/realtime/design_1_tm_axi_wrapper_0_0_stub.v:6]
INFO: [Synth 8-6155] done synthesizing module 'design_1_tm_axi_wrapper_0_0' (7#1) [E:/tm_Dronfa_xy/TM/.Xil/Vivado-16160-wjl/realtime/design_1_tm_axi_wrapper_0_0_stub.v:6]
INFO: [Synth 8-6155] done synthesizing module 'design_1' (8#1) [E:/tm_Dronfa_xy/TM/CTM.srcs/sources_1/bd/design_1/synth/design_1.v:13]
INFO: [Synth 8-6155] done synthesizing module 'design_1_wrapper' (9#1) [E:/tm_Dronfa_xy/TM/CTM.srcs/sources_1/bd/design_1/hdl/design_1_wrapper.v:12]
WARNING: [Synth 8-3331] design s00_couplers_imp_UYSKKA has unconnected port M_ACLK
WARNING: [Synth 8-3331] design s00_couplers_imp_UYSKKA has unconnected port M_ARESETN
WARNING: [Synth 8-3331] design design_1_ps7_0_axi_periph_1 has unconnected port ACLK
WARNING: [Synth 8-3331] design design_1_ps7_0_axi_periph_1 has unconnected port ARESETN
---------------------------------------------------------------------------------
Finished RTL Elaboration : Time (s): cpu = 00:00:02 ; elapsed = 00:00:02 . Memory (MB): peak = 1122.316 ; gain = 0.000
---------------------------------------------------------------------------------

Report Check Netlist: 
+------+------------------+-------+---------+-------+------------------+
|      |Item              |Errors |Warnings |Status |Description       |
+------+------------------+-------+---------+-------+------------------+
|1     |multi_driven_nets |      0|        0|Passed |Multi driven nets |
+------+------------------+-------+---------+-------+------------------+
---------------------------------------------------------------------------------
Start Handling Custom Attributes
---------------------------------------------------------------------------------
---------------------------------------------------------------------------------
Finished Handling Custom Attributes : Time (s): cpu = 00:00:02 ; elapsed = 00:00:02 . Memory (MB): peak = 1122.316 ; gain = 0.000
---------------------------------------------------------------------------------
---------------------------------------------------------------------------------
Finished RTL Optimization Phase 1 : Time (s): cpu = 00:00:02 ; elapsed = 00:00:02 . Memory (MB): peak = 1122.316 ; gain = 0.000
---------------------------------------------------------------------------------
INFO: [Project 1-454] Reading design checkpoint 'e:/tm_Dronfa_xy/TM/CTM.srcs/sources_1/bd/design_1/ip/design_1_blk_mem_gen_0_0/design_1_blk_mem_gen_0_0.dcp' for cell 'design_1_i/blk_mem_gen_0'
INFO: [Project 1-454] Reading design checkpoint 'e:/tm_Dronfa_xy/TM/CTM.srcs/sources_1/bd/design_1/ip/design_1_processing_system7_0_1/design_1_processing_system7_0_1.dcp' for cell 'design_1_i/processing_system7_0'
INFO: [Project 1-454] Reading design checkpoint 'e:/tm_Dronfa_xy/TM/CTM.srcs/sources_1/bd/design_1/ip/design_1_rst_ps7_0_50M_1/design_1_rst_ps7_0_50M_1.dcp' for cell 'design_1_i/rst_ps7_0_50M'
INFO: [Project 1-454] Reading design checkpoint 'e:/tm_Dronfa_xy/TM/CTM.srcs/sources_1/bd/design_1/ip/design_1_tm_axi_wrapper_0_0/design_1_tm_axi_wrapper_0_0.dcp' for cell 'design_1_i/tm_axi_wrapper_0'
INFO: [Project 1-454] Reading design checkpoint 'e:/tm_Dronfa_xy/TM/CTM.srcs/sources_1/bd/design_1/ip/design_1_auto_pc_0/design_1_auto_pc_0.dcp' for cell 'design_1_i/ps7_0_axi_periph/s00_couplers/auto_pc'
INFO: [Netlist 29-17] Analyzing 392 Unisim elements for replacement
INFO: [Netlist 29-28] Unisim Transformation completed in 0 CPU seconds
INFO: [Project 1-479] Netlist was created with Vivado 2018.3
INFO: [Device 21-403] Loading part xc7z020clg400-1
INFO: [Project 1-570] Preparing netlist for logic optimization

Processing XDC Constraints
Initializing timing engine
Parsing XDC File [e:/tm_Dronfa_xy/TM/CTM.srcs/sources_1/bd/design_1/ip/design_1_processing_system7_0_1/design_1_processing_system7_0_1.xdc] for cell 'design_1_i/processing_system7_0/inst'
Finished Parsing XDC File [e:/tm_Dronfa_xy/TM/CTM.srcs/sources_1/bd/design_1/ip/design_1_processing_system7_0_1/design_1_processing_system7_0_1.xdc] for cell 'design_1_i/processing_system7_0/inst'
INFO: [Project 1-236] Implementation specific constraints were found while reading constraint file [e:/tm_Dronfa_xy/TM/CTM.srcs/sources_1/bd/design_1/ip/design_1_processing_system7_0_1/design_1_processing_system7_0_1.xdc]. These constraints will be ignored for synthesis but will be used in implementation. Impacted constraints are listed in the file [.Xil/design_1_wrapper_propImpl.xdc].
Resolution: To avoid this warning, move constraints listed in [.Xil/design_1_wrapper_propImpl.xdc] to another XDC file and exclude this new file from synthesis with the used_in_synthesis property (File Properties dialog in GUI) and re-run elaboration/synthesis.
Parsing XDC File [e:/tm_Dronfa_xy/TM/CTM.srcs/sources_1/bd/design_1/ip/design_1_rst_ps7_0_50M_1/design_1_rst_ps7_0_50M_1_board.xdc] for cell 'design_1_i/rst_ps7_0_50M/U0'
Finished Parsing XDC File [e:/tm_Dronfa_xy/TM/CTM.srcs/sources_1/bd/design_1/ip/design_1_rst_ps7_0_50M_1/design_1_rst_ps7_0_50M_1_board.xdc] for cell 'design_1_i/rst_ps7_0_50M/U0'
Parsing XDC File [e:/tm_Dronfa_xy/TM/CTM.srcs/sources_1/bd/design_1/ip/design_1_rst_ps7_0_50M_1/design_1_rst_ps7_0_50M_1.xdc] for cell 'design_1_i/rst_ps7_0_50M/U0'
Finished Parsing XDC File [e:/tm_Dronfa_xy/TM/CTM.srcs/sources_1/bd/design_1/ip/design_1_rst_ps7_0_50M_1/design_1_rst_ps7_0_50M_1.xdc] for cell 'design_1_i/rst_ps7_0_50M/U0'
Netlist sorting complete. Time (s): cpu = 00:00:00 ; elapsed = 00:00:00.002 . Memory (MB): peak = 1390.957 ; gain = 0.000
Completed Processing XDC Constraints

INFO: [Opt 31-138] Pushed 0 inverter(s) to 0 load pin(s).
Netlist sorting complete. Time (s): cpu = 00:00:00 ; elapsed = 00:00:00.001 . Memory (MB): peak = 1390.957 ; gain = 0.000
INFO: [Project 1-111] Unisim Transformation Summary:
No Unisim elements were transformed.

WARNING: [Designutils 20-3303] unexpected site type 'IOPAD' in HDPYFinalizeIO
WARNING: [Designutils 20-3303] unexpected site type 'IOPAD' in HDPYFinalizeIO
WARNING: [Designutils 20-3303] unexpected site type 'IOPAD' in HDPYFinalizeIO
WARNING: [Designutils 20-3303] unexpected site type 'IOPAD' in HDPYFinalizeIO
WARNING: [Designutils 20-3303] unexpected site type 'IOPAD' in HDPYFinalizeIO
WARNING: [Designutils 20-3303] unexpected site type 'IOPAD' in HDPYFinalizeIO
WARNING: [Designutils 20-3303] unexpected site type 'IOPAD' in HDPYFinalizeIO
WARNING: [Designutils 20-3303] unexpected site type 'IOPAD' in HDPYFinalizeIO
WARNING: [Designutils 20-3303] unexpected site type 'IOPAD' in HDPYFinalizeIO
WARNING: [Designutils 20-3303] unexpected site type 'IOPAD' in HDPYFinalizeIO
WARNING: [Designutils 20-3303] unexpected site type 'IOPAD' in HDPYFinalizeIO
WARNING: [Designutils 20-3303] unexpected site type 'IOPAD' in HDPYFinalizeIO
WARNING: [Designutils 20-3303] unexpected site type 'IOPAD' in HDPYFinalizeIO
WARNING: [Designutils 20-3303] unexpected site type 'IOPAD' in HDPYFinalizeIO
WARNING: [Designutils 20-3303] unexpected site type 'IOPAD' in HDPYFinalizeIO
WARNING: [Designutils 20-3303] unexpected site type 'IOPAD' in HDPYFinalizeIO
WARNING: [Designutils 20-3303] unexpected site type 'IOPAD' in HDPYFinalizeIO
WARNING: [Designutils 20-3303] unexpected site type 'IOPAD' in HDPYFinalizeIO
WARNING: [Designutils 20-3303] unexpected site type 'IOPAD' in HDPYFinalizeIO
WARNING: [Designutils 20-3303] unexpected site type 'IOPAD' in HDPYFinalizeIO
WARNING: [Designutils 20-3303] unexpected site type 'IOPAD' in HDPYFinalizeIO
WARNING: [Designutils 20-3303] unexpected site type 'IOPAD' in HDPYFinalizeIO
WARNING: [Designutils 20-3303] unexpected site type 'IOPAD' in HDPYFinalizeIO
WARNING: [Designutils 20-3303] unexpected site type 'IOPAD' in HDPYFinalizeIO
WARNING: [Designutils 20-3303] unexpected site type 'IOPAD' in HDPYFinalizeIO
WARNING: [Designutils 20-3303] unexpected site type 'IOPAD' in HDPYFinalizeIO
WARNING: [Designutils 20-3303] unexpected site type 'IOPAD' in HDPYFinalizeIO
WARNING: [Designutils 20-3303] unexpected site type 'IOPAD' in HDPYFinalizeIO
WARNING: [Designutils 20-3303] unexpected site type 'IOPAD' in HDPYFinalizeIO
WARNING: [Designutils 20-3303] unexpected site type 'IOPAD' in HDPYFinalizeIO
WARNING: [Designutils 20-3303] unexpected site type 'IOPAD' in HDPYFinalizeIO
WARNING: [Designutils 20-3303] unexpected site type 'IOPAD' in HDPYFinalizeIO
WARNING: [Designutils 20-3303] unexpected site type 'IOPAD' in HDPYFinalizeIO
WARNING: [Designutils 20-3303] unexpected site type 'IOPAD' in HDPYFinalizeIO
WARNING: [Designutils 20-3303] unexpected site type 'IOPAD' in HDPYFinalizeIO
WARNING: [Designutils 20-3303] unexpected site type 'IOPAD' in HDPYFinalizeIO
WARNING: [Designutils 20-3303] unexpected site type 'IOPAD' in HDPYFinalizeIO
WARNING: [Designutils 20-3303] unexpected site type 'IOPAD' in HDPYFinalizeIO
WARNING: [Designutils 20-3303] unexpected site type 'IOPAD' in HDPYFinalizeIO
WARNING: [Designutils 20-3303] unexpected site type 'IOPAD' in HDPYFinalizeIO
WARNING: [Designutils 20-3303] unexpected site type 'IOPAD' in HDPYFinalizeIO
WARNING: [Designutils 20-3303] unexpected site type 'IOPAD' in HDPYFinalizeIO
WARNING: [Designutils 20-3303] unexpected site type 'IOPAD' in HDPYFinalizeIO
WARNING: [Designutils 20-3303] unexpected site type 'IOPAD' in HDPYFinalizeIO
WARNING: [Designutils 20-3303] unexpected site type 'IOPAD' in HDPYFinalizeIO
WARNING: [Designutils 20-3303] unexpected site type 'IOPAD' in HDPYFinalizeIO
WARNING: [Designutils 20-3303] unexpected site type 'IOPAD' in HDPYFinalizeIO
WARNING: [Designutils 20-3303] unexpected site type 'IOPAD' in HDPYFinalizeIO
WARNING: [Designutils 20-3303] unexpected site type 'IOPAD' in HDPYFinalizeIO
WARNING: [Designutils 20-3303] unexpected site type 'IOPAD' in HDPYFinalizeIO
WARNING: [Designutils 20-3303] unexpected site type 'IOPAD' in HDPYFinalizeIO
WARNING: [Designutils 20-3303] unexpected site type 'IOPAD' in HDPYFinalizeIO
WARNING: [Designutils 20-3303] unexpected site type 'IOPAD' in HDPYFinalizeIO
WARNING: [Designutils 20-3303] unexpected site type 'IOPAD' in HDPYFinalizeIO
WARNING: [Designutils 20-3303] unexpected site type 'IOPAD' in HDPYFinalizeIO
WARNING: [Designutils 20-3303] unexpected site type 'IOPAD' in HDPYFinalizeIO
WARNING: [Designutils 20-3303] unexpected site type 'IOPAD' in HDPYFinalizeIO
WARNING: [Designutils 20-3303] unexpected site type 'IOPAD' in HDPYFinalizeIO
WARNING: [Designutils 20-3303] unexpected site type 'IOPAD' in HDPYFinalizeIO
WARNING: [Designutils 20-3303] unexpected site type 'IOPAD' in HDPYFinalizeIO
WARNING: [Designutils 20-3303] unexpected site type 'IOPAD' in HDPYFinalizeIO
WARNING: [Designutils 20-3303] unexpected site type 'IOPAD' in HDPYFinalizeIO
WARNING: [Designutils 20-3303] unexpected site type 'IOPAD' in HDPYFinalizeIO
WARNING: [Designutils 20-3303] unexpected site type 'IOPAD' in HDPYFinalizeIO
WARNING: [Designutils 20-3303] unexpected site type 'IOPAD' in HDPYFinalizeIO
WARNING: [Designutils 20-3303] unexpected site type 'IOPAD' in HDPYFinalizeIO
WARNING: [Designutils 20-3303] unexpected site type 'IOPAD' in HDPYFinalizeIO
WARNING: [Designutils 20-3303] unexpected site type 'IOPAD' in HDPYFinalizeIO
WARNING: [Designutils 20-3303] unexpected site type 'IOPAD' in HDPYFinalizeIO
WARNING: [Designutils 20-3303] unexpected site type 'IOPAD' in HDPYFinalizeIO
WARNING: [Designutils 20-3303] unexpected site type 'IOPAD' in HDPYFinalizeIO
WARNING: [Designutils 20-3303] unexpected site type 'IOPAD' in HDPYFinalizeIO
WARNING: [Designutils 20-3303] unexpected site type 'IOPAD' in HDPYFinalizeIO
WARNING: [Designutils 20-3303] unexpected site type 'IOPAD' in HDPYFinalizeIO
WARNING: [Designutils 20-3303] unexpected site type 'IOPAD' in HDPYFinalizeIO
WARNING: [Designutils 20-3303] unexpected site type 'IOPAD' in HDPYFinalizeIO
WARNING: [Designutils 20-3303] unexpected site type 'IOPAD' in HDPYFinalizeIO
WARNING: [Designutils 20-3303] unexpected site type 'IOPAD' in HDPYFinalizeIO
WARNING: [Designutils 20-3303] unexpected site type 'IOPAD' in HDPYFinalizeIO
WARNING: [Designutils 20-3303] unexpected site type 'IOPAD' in HDPYFinalizeIO
WARNING: [Designutils 20-3303] unexpected site type 'IOPAD' in HDPYFinalizeIO
WARNING: [Designutils 20-3303] unexpected site type 'IOPAD' in HDPYFinalizeIO
WARNING: [Designutils 20-3303] unexpected site type 'IOPAD' in HDPYFinalizeIO
WARNING: [Designutils 20-3303] unexpected site type 'IOPAD' in HDPYFinalizeIO
WARNING: [Designutils 20-3303] unexpected site type 'IOPAD' in HDPYFinalizeIO
WARNING: [Designutils 20-3303] unexpected site type 'IOPAD' in HDPYFinalizeIO
WARNING: [Designutils 20-3303] unexpected site type 'IOPAD' in HDPYFinalizeIO
WARNING: [Designutils 20-3303] unexpected site type 'IOPAD' in HDPYFinalizeIO
WARNING: [Designutils 20-3303] unexpected site type 'IOPAD' in HDPYFinalizeIO
WARNING: [Designutils 20-3303] unexpected site type 'IOPAD' in HDPYFinalizeIO
WARNING: [Designutils 20-3303] unexpected site type 'IOPAD' in HDPYFinalizeIO
WARNING: [Designutils 20-3303] unexpected site type 'IOPAD' in HDPYFinalizeIO
WARNING: [Designutils 20-3303] unexpected site type 'IOPAD' in HDPYFinalizeIO
WARNING: [Designutils 20-3303] unexpected site type 'IOPAD' in HDPYFinalizeIO
WARNING: [Designutils 20-3303] unexpected site type 'IOPAD' in HDPYFinalizeIO
WARNING: [Designutils 20-3303] unexpected site type 'IOPAD' in HDPYFinalizeIO
WARNING: [Designutils 20-3303] unexpected site type 'IOPAD' in HDPYFinalizeIO
WARNING: [Designutils 20-3303] unexpected site type 'IOPAD' in HDPYFinalizeIO
WARNING: [Designutils 20-3303] unexpected site type 'IOPAD' in HDPYFinalizeIO
WARNING: [Designutils 20-3303] unexpected site type 'IOPAD' in HDPYFinalizeIO
INFO: [Common 17-14] Message 'Designutils 20-3303' appears 100 times and further instances of the messages will be disabled. Use the Tcl command set_msg_config to change the current settings.
RTL Elaboration Complete:  : Time (s): cpu = 00:00:13 ; elapsed = 00:00:11 . Memory (MB): peak = 1509.789 ; gain = 387.473
32 Infos, 106 Warnings, 0 Critical Warnings and 0 Errors encountered.
synth_design completed successfully
synth_design: Time (s): cpu = 00:00:13 ; elapsed = 00:00:11 . Memory (MB): peak = 1509.789 ; gain = 387.473
open_bd_design {E:/tm_Dronfa_xy/TM/CTM.srcs/sources_1/bd/design_1/design_1.bd}
Adding cell -- xilinx.com:ip:axi_interconnect:2.1 - ps7_0_axi_periph
Adding cell -- xilinx.com:ip:axi_protocol_converter:2.1 - auto_pc
Adding cell -- xilinx.com:ip:proc_sys_reset:5.0 - rst_ps7_0_50M
Adding cell -- xilinx.com:ip:blk_mem_gen:8.4 - blk_mem_gen_0
Adding cell -- xilinx.com:ip:processing_system7:5.5 - processing_system7_0
Adding cell -- xilinx.com:user:tm_axi_wrapper:1.0 - tm_axi_wrapper_0
Successfully read diagram <design_1> from BD file <E:/tm_Dronfa_xy/TM/CTM.srcs/sources_1/bd/design_1/design_1.bd>
WARNING: [IP_Flow 19-474] Invalid Parameter 'Component_Name'
WARNING: [IP_Flow 19-474] Invalid Parameter 'Component_Name'
WARNING: [IP_Flow 19-474] Invalid Parameter 'Component_Name'
exit
INFO: [Common 17-206] Exiting Vivado at Fri May 22 14:20:57 2026...
